{
    "-profile test": {
        "content": [
            {
                "ARBOR_VIEW": {
                    "ArborView": "0.1.2"
                },
                "CUSTOM_DUMPSOFTWAREVERSIONS": {
                    "python": "3.13.1",
                    "yaml": "6.0.2"
                },
                "GAS_MCLUSTER": {
                    "genomic_address_service": "0.3.2"
                },
                "LOCIDEX_MERGE": {
                    "locidex merge": "search 0.4.0"
                },
                "PROFILE_DISTS": {
                    "profile_dists": "1.0.10"
                },
                "Workflow": {
                    "phac-nml/gasclustering": "0.8.3"
                }
            },
            [
                "ArborView",
                "ArborView/arborview.clustered_data_arborview.html",
                "append",
                "append/clusters_and_metadata.tsv",
                "clusters",
                "clusters/gas.mcluster.clusters.tsv",
                "clusters/gas.mcluster.run.json",
                "clusters/gas.mcluster.thresholds.json",
                "clusters/gas.mcluster.tree.nwk",
                "distances",
                "distances/profile_dists.allele_map.json",
                "distances/profile_dists.query_profile.tsv",
                "distances/profile_dists.ref_profile.tsv",
                "distances/profile_dists.results.tsv",
                "distances/profile_dists.run.json",
                "iridanext.output.json",
                "locidex",
                "locidex/concat",
                "locidex/concat/MLST_error_report_concat.csv",
                "locidex/concat/profile_concat.tsv",
                "locidex/merged",
                "locidex/merged/MLST_error_report_1.csv",
                "locidex/merged/profile_1.tsv",
                "pipeline_info",
                "pipeline_info/software_versions.yml",
                "write",
                "write/results.csv"
            ],
            [
                "arborview.clustered_data_arborview.html:md5,4faf515820a65fbe7cefbd9846fddfb7",
                "clusters_and_metadata.tsv:md5,2e992145649bcc0e80d2d94386f34faf",
                "gas.mcluster.clusters.tsv:md5,069477da3c4c6e97485735ba778e108c",
                "gas.mcluster.thresholds.json:md5,b1c7f21b4dc1f18fd1606836be032eac",
                "gas.mcluster.tree.nwk:md5,882919a9c17e0056d02948bb26ec5cfd",
                "profile_dists.allele_map.json:md5,da762f146b83da3232d6535d9332905c",
                "profile_dists.query_profile.tsv:md5,7131769e3920105b7b6c2a99b2c2a331",
                "profile_dists.ref_profile.tsv:md5,7131769e3920105b7b6c2a99b2c2a331",
                "profile_dists.results.tsv:md5,a291cc960661461ce13942ba823b0a32",
                "MLST_error_report_concat.csv:md5,f6689b46a8f71e85ee04acc80800ad84",
                "profile_concat.tsv:md5,7131769e3920105b7b6c2a99b2c2a331",
                "MLST_error_report_1.csv:md5,f6689b46a8f71e85ee04acc80800ad84",
                "profile_1.tsv:md5,7131769e3920105b7b6c2a99b2c2a331",
                "results.csv:md5,b4d5652265e8ac94ecea732c1e8b7632"
            ]
        ],
        "meta": {
            "nf-test": "0.9.3",
            "nextflow": "25.10.3"
        },
        "timestamp": "2026-02-10T13:31:42.577165902"
    }
}